<div class="template-list template-list-complete">
  <div class="template">
    <div><a href="https://adobesparkpost.app.link/QuxI3vNBZ5" class="">
        <p></p>
        <picture>
          <source type="image/webp" srcset="/media/a.webp?width=400&amp;format=webply&amp;optimize=medium"><img
            src="/media/a.webp?width=400&amp;format=webp&amp;optimize=medium" loading="eager"
            alt="fashion blogging pinterest">
        </picture>
        <p></p>
        <p></p>
      </a></div>
    <div></div>
  </div>
  <div class="template">
    <div><a href="https://adobesparkvideo.app.link/NdKoobyZJ5" class="">
        <picture>
          <source type="image/webp" srcset="/media/b.webp?width=400&amp;format=webply&amp;optimize=medium"><img
            src="/media/b.webp?width=400&amp;format=webp&amp;optimize=medium" loading="eager" alt="Edit this Template">
        </picture>
      </a></div>
    <div></div>
  </div>
</div>